// Jest Snapshot v1, https://goo.gl/fbAQLP

exports[`Leg should render correctly 1`] = `
<div>
  <div
    className="Leg__img-parent"
  >
    <img
      alt=""
      src="EZY.png"
    />
  </div>
  <div
    className="Leg__origin"
  >
    <p
      className="bpk-text bpk-text--base"
    >
      22
    </p>
    <p
      className="bpk-text bpk-text--base Leg__origin__place"
    >
      LHR
    </p>
  </div>
  <div
    className="Leg__arrow"
  >
    <svg
      className="Leg__rightArrowIcon"
      height="24"
      style={
        Object {
          "height": "1.5rem",
          "width": "1.5rem",
        }
      }
      width="24"
      xmlns="http://www.w3.org/2000/svg"
    >
      <path
        d="M14.4 19.5l5.7-5.3c.4-.4.7-.9.8-1.5.1-.3.1-.5.1-.7s0-.4-.1-.6c-.1-.6-.4-1.1-.8-1.5l-5.7-5.3c-.8-.8-2.1-.7-2.8.1-.8.8-.7 2.1.1 2.8l2.7 2.5H5c-1.1 0-2 .9-2 2s.9 2 2 2h9.4l-2.7 2.5c-.5.4-.7 1-.7 1.5s.2 1 .5 1.4c.8.8 2.1.8 2.9.1z"
      />
    </svg>
  </div>
  <div
    className="Leg__destination"
  >
    <p
      className="bpk-text bpk-text--base"
    >
      22
    </p>
    <p
      className="bpk-text bpk-text--base Leg__origin__place"
    >
      EDI
    </p>
  </div>
  <div
    className="Leg__length"
  >
    <div
      className="Leg__duration"
    >
      100
    </div>
    <div
      className="Leg__stops"
    >
      1 Stop
    </div>
  </div>
</div>
`;
